node:events:505
    throw er; // Unhandled 'error' event
    ^

Error: listen EADDRINUSE: address already in use :::3001
    at Server.setupListenHandle [as _listen2] (node:net:2324:16)
    at listenInCluster (node:net:2433:12)
    at Server.listen (node:net:2558:7)
    at app.listen (C:\Users\artha\LaptopHub\CRM_APP\node_modules\express\lib\application.js:635:24)
    at Object.<anonymous> (C:\Users\artha\LaptopHub\CRM_APP\arthainvest-10-10-enhanced-server.js:722:5)
    at Module._compile (node:internal/modules/cjs/loader:1934:14)
    at Object..js (node:internal/modules/cjs/loader:2074:10)
    at Module.load (node:internal/modules/cjs/loader:1656:32)
    at Module._load (node:internal/modules/cjs/loader:1448:12)
    at wrapModuleLoad (node:internal/modules/cjs/loader:261:19)
Emitted 'error' event on Server instance at:
    at emitErrorNT (node:net:2412:8)
    at process.processTicksAndRejections (node:internal/process/task_queues:90:21) {
  code: 'EADDRINUSE',
  errno: -4091,
  syscall: 'listen',
  address: '::',
  port: 3001
}

Node.js v26.7.0
